{
  "id": "number",
  "amount": "number",
  "date": "string"
}
