{
    "data": [
        {
            "id": "string",
            "type": "string",
            "general": {
                "number": "string",
                "name": "string",
                "fax": "string",
                "mobile": "string",
                "department": "string",
                "subdivision": "string",
                "vatNumber": "",
                "taxNumber": "",
                "gln": "",
                "email": "string",
                "phone": "string",
                "address": {
                    "street": "string",
                    "zip": "string",
                    "city": "string",
                    "state": "string",
                    "country": "string",
                    "note": "string"
                }
            },
            "freeFields": [
                {
                    "id": "string",
                    "value": "string"
                },
                {
                    "id": "string",
                    "value": "string"
                }
            ],
            "project": {
                "id": "string",
                "name": "string"
            },
            "tags": []
        }
    ],
    "extra": {
        "totalCount": 0,
        "page": {
            "number": 0,
            "size": 0
        }
    }
}