{
  "data": [
    {
      "id": "string",
      "documentNumber": "string",
      "externalOrderNumber": "string",
      "status": "string",
      "customer": {
        "id": "string",
        "number": "string"
      },
      "project": {
        "id": "string"
      },
      "language": {
        "iso2": "string"
      },
      "financials": {
        "currency": "string",
        "billingAddress": {
          "name": "string",
          "street": "string",
          "zipCode": "string",
          "city": "string",
          "country": "string"
        }
      },
      "delivery": {
        "autoShipping": "boolean"
      }
    }
  ],
  "extra": {
    "totalCount": "number",
    "page": {
      "number": "number",
      "size": "number"
    }
  }
}

