{
    "data": {
        "id": "string",
        "type": "string",
        "number": "string",
        "general": {
            "honorific": "string",
            "title": "string",
            "name": "string",
            "birthday": "string",
            "address": {
                "note": "string",
                "street": "string",
                "zip": "string",
                "city": "string",
                "state": "string",
                "country": "string"
            }
        },
        "tags": []
    }
}